$ opensim-cmd run-tool SB25_ik_setup.xml
(cwd=/Users/shunchen/Desktop/60m Project Folder/Pipeline/opensim/setup)
--- returncode 0 ---
===== STDOUT =====
[info] Preparing to run InverseKinematicsTool.
[info] Loaded model sprint_gait2392 from file ../out/SB25_scaled.osim
[warning] Couldn't find file 'treadmill.vtp'.
[warning] Couldn't find file 'sacrum.vtp'.
[warning] Couldn't find file 'pelvis.vtp'.
[warning] Couldn't find file 'l_pelvis.vtp'.
[warning] Couldn't find file 'femur_r.vtp'.
[warning] Couldn't find file 'tibia_r.vtp'.
[warning] Couldn't find file 'fibula.vtp'.
[warning] Couldn't find file 'talus.vtp'.
[warning] Couldn't find file 'foot.vtp'.
[warning] Couldn't find file 'bofoot.vtp'.
[warning] Couldn't find file 'femur_l.vtp'.
[warning] Couldn't find file 'tibia_l.vtp'.
[warning] Couldn't find file 'l_fibula.vtp'.
[warning] Couldn't find file 'l_talus.vtp'.
[warning] Couldn't find file 'l_foot.vtp'.
[warning] Couldn't find file 'l_bofoot.vtp'.
[warning] Couldn't find file 'hat_spine.vtp'.
[warning] Couldn't find file 'hat_jaw.vtp'.
[warning] Couldn't find file 'hat_skull.vtp'.
[warning] Couldn't find file 'hat_ribs.vtp'.

               MODEL: sprint_gait2392
         coordinates: 23
              forces: 92
           actuators: 92
             muscles: 92
            analyses: 0
              probes: 0
              bodies: 12
              joints: 12
         constraints: 0
             markers: 25
         controllers: 0
  contact geometries: 0
misc modelcomponents: 0
[info] Running tool sprint_ik.
[info] Frame 0 (t = 0.0):	 total squared error = 0.00429184, marker error: RMS = 0.0131024, max = 0.0267752 (R.Toe.Tip)
[info] Frame 1 (t = 0.016667):	 total squared error = 0.00341825, marker error: RMS = 0.0116932, max = 0.0239689 (R.Toe.Med)
[info] Frame 2 (t = 0.033333):	 total squared error = 0.00246835, marker error: RMS = 0.00993649, max = 0.0225136 (R.Toe.Med)
[info] Frame 3 (t = 0.05):	 total squared error = 0.00159459, marker error: RMS = 0.00798645, max = 0.0197085 (R.Toe.Med)
[info] Frame 4 (t = 0.066667):	 total squared error = 0.000994879, marker error: RMS = 0.00630834, max = 0.017282 (R.Toe.Med)
[info] Frame 5 (t = 0.083333):	 total squared error = 0.000958492, marker error: RMS = 0.00619190, max = 0.0146577 (R.Midfoot.Lat)
[info] Frame 6 (t = 0.1):	 total squared error = 0.00114487, marker error: RMS = 0.00676719, max = 0.0195598 (R.Heel)
[info] Frame 7 (t = 0.116667):	 total squared error = 0.00186245, marker error: RMS = 0.00863123, max = 0.0246152 (R.Heel)
[info] Frame 8 (t = 0.133333):	 total squared error = 0.00274969, marker error: RMS = 0.0104875, max = 0.0316509 (R.Toe.Tip)
[info] Frame 9 (t = 0.15):	 total squared error = 0.00405223, marker error: RMS = 0.0127314, max = 0.0352655 (R.Toe.Tip)
[info] Frame 10 (t = 0.166667):	 total squared error = 0.00545523, marker error: RMS = 0.0147719, max = 0.0380144 (R.Toe.Tip)
[info] Frame 11 (t = 0.183333):	 total squared error = 0.00760733, marker error: RMS = 0.017444, max = 0.0502912 (Top.Head)
[info] Frame 12 (t = 0.2):	 total squared error = 0.0101605, marker error: RMS = 0.0201599, max = 0.0630957 (Top.Head)
[info] Frame 13 (t = 0.216667):	 total squared error = 0.0127442, marker error: RMS = 0.022578, max = 0.0744744 (Top.Head)
[info] Frame 14 (t = 0.233333):	 total squared error = 0.016435, marker error: RMS = 0.0256398, max = 0.0866881 (Top.Head)
[info] Frame 15 (t = 0.25):	 total squared error = 0.0193024, marker error: RMS = 0.0277866, max = 0.0927654 (Top.Head)
[info] Frame 16 (t = 0.266667):	 total squared error = 0.0206868, marker error: RMS = 0.0287658, max = 0.0945348 (Top.Head)
[info] Frame 17 (t = 0.283333):	 total squared error = 0.0225623, marker error: RMS = 0.0300415, max = 0.0938060 (Top.Head)
[info] Frame 18 (t = 0.3):	 total squared error = 0.0241987, marker error: RMS = 0.0311118, max = 0.0889891 (Top.Head)
[info] Frame 19 (t = 0.316667):	 total squared error = 0.02182, marker error: RMS = 0.0295432, max = 0.0763783 (Top.Head)
[info] Frame 20 (t = 0.333333):	 total squared error = 0.018239, marker error: RMS = 0.0270104, max = 0.0601606 (Top.Head)
[info] Frame 21 (t = 0.35):	 total squared error = 0.0151691, marker error: RMS = 0.0246326, max = 0.0564344 (L.Heel)
[info] Frame 22 (t = 0.366667):	 total squared error = 0.0139339, marker error: RMS = 0.0236084, max = 0.0531449 (L.Heel)
[info] Frame 23 (t = 0.383333):	 total squared error = 0.0131615, marker error: RMS = 0.0229447, max = 0.0509381 (L.Heel)
[info] Frame 24 (t = 0.4):	 total squared error = 0.011896, marker error: RMS = 0.0218138, max = 0.0520087 (Top.Head)
[info] Frame 25 (t = 0.416667):	 total squared error = 0.0110574, marker error: RMS = 0.0210309, max = 0.0501800 (Top.Head)
[info] Frame 26 (t = 0.433333):	 total squared error = 0.0107031, marker error: RMS = 0.0206912, max = 0.0500770 (Top.Head)
[info] Frame 27 (t = 0.45):	 total squared error = 0.0107096, marker error: RMS = 0.0206974, max = 0.0508053 (Top.Head)
[info] Frame 28 (t = 0.466667):	 total squared error = 0.0105750, marker error: RMS = 0.0205670, max = 0.0530421 (Top.Head)
[info] Frame 29 (t = 0.483333):	 total squared error = 0.0105753, marker error: RMS = 0.0205673, max = 0.055899 (Top.Head)
[info] Frame 30 (t = 0.5):	 total squared error = 0.0105470, marker error: RMS = 0.0205398, max = 0.0593904 (Top.Head)
[info] Frame 31 (t = 0.516667):	 total squared error = 0.00985834, marker error: RMS = 0.0198578, max = 0.0644529 (Top.Head)
[info] Frame 32 (t = 0.533333):	 total squared error = 0.00994081, marker error: RMS = 0.0199407, max = 0.0691986 (Top.Head)
[info] Frame 33 (t = 0.55):	 total squared error = 0.0111104, marker error: RMS = 0.0210812, max = 0.0729626 (Top.Head)
[info] Frame 34 (t = 0.566667):	 total squared error = 0.0123303, marker error: RMS = 0.0222083, max = 0.0734524 (Top.Head)
[info] Frame 35 (t = 0.583333):	 total squared error = 0.0131277, marker error: RMS = 0.0229153, max = 0.0734996 (Top.Head)
[info] Frame 36 (t = 0.6):	 total squared error = 0.0128806, marker error: RMS = 0.0226985, max = 0.0699087 (Top.Head)
[info] Frame 37 (t = 0.616667):	 total squared error = 0.0125639, marker error: RMS = 0.0224178, max = 0.0652754 (Top.Head)
[info] Frame 38 (t = 0.633333):	 total squared error = 0.011813, marker error: RMS = 0.0217376, max = 0.0606164 (Top.Head)
[info] Frame 39 (t = 0.65):	 total squared error = 0.0114251, marker error: RMS = 0.0213776, max = 0.0573163 (Top.Head)
[info] Frame 40 (t = 0.666667):	 total squared error = 0.0126010, marker error: RMS = 0.0224508, max = 0.058121 (Top.Head)
[info] Frame 41 (t = 0.683333):	 total squared error = 0.0146138, marker error: RMS = 0.0241775, max = 0.0619313 (Top.Head)
[info] Frame 42 (t = 0.7):	 total squared error = 0.0166687, marker error: RMS = 0.0258214, max = 0.0658514 (Top.Head)
[info] Frame 43 (t = 0.716667):	 total squared error = 0.016411, marker error: RMS = 0.0256211, max = 0.0656389 (Top.Head)
[info] Frame 44 (t = 0.733333):	 total squared error = 0.0153075, marker error: RMS = 0.0247447, max = 0.0616454 (Top.Head)
[info] Frame 45 (t = 0.75):	 total squared error = 0.0127667, marker error: RMS = 0.022598, max = 0.0584804 (Top.Head)
[info] Frame 46 (t = 0.766667):	 total squared error = 0.0111454, marker error: RMS = 0.0211144, max = 0.0550390 (Top.Head)
[info] Frame 47 (t = 0.783333):	 total squared error = 0.0110825, marker error: RMS = 0.0210547, max = 0.0558455 (Top.Head)
[info] Frame 48 (t = 0.8):	 total squared error = 0.0117995, marker error: RMS = 0.0217251, max = 0.0599513 (Top.Head)
[info] Frame 49 (t = 0.816667):	 total squared error = 0.011837, marker error: RMS = 0.0217596, max = 0.0598702 (Top.Head)
[info] Frame 50 (t = 0.833333):	 total squared error = 0.0125558, marker error: RMS = 0.0224105, max = 0.0597292 (Top.Head)
[info] Frame 51 (t = 0.85):	 total squared error = 0.0139468, marker error: RMS = 0.0236193, max = 0.0590001 (Top.Head)
[info] Frame 52 (t = 0.866667):	 total squared error = 0.0145719, marker error: RMS = 0.0241428, max = 0.0569797 (Top.Head)
[info] Frame 53 (t = 0.883333):	 total squared error = 0.0143809, marker error: RMS = 0.0239841, max = 0.0559323 (Top.Head)
[info] Frame 54 (t = 0.9):	 total squared error = 0.0134269, marker error: RMS = 0.0231749, max = 0.0554184 (Top.Head)
[info] Frame 55 (t = 0.916667):	 total squared error = 0.0137208, marker error: RMS = 0.0234272, max = 0.0605394 (Top.Head)
[info] Frame 56 (t = 0.933333):	 total squared error = 0.0149195, marker error: RMS = 0.0244291, max = 0.0703135 (Top.Head)
[info] Frame 57 (t = 0.95):	 total squared error = 0.0156762, marker error: RMS = 0.0250409, max = 0.0750454 (Top.Head)
[info] Frame 58 (t = 0.966667):	 total squared error = 0.0152908, marker error: RMS = 0.0247312, max = 0.0709087 (Top.Head)
[info] Frame 59 (t = 0.983333):	 total squared error = 0.0147118, marker error: RMS = 0.0242584, max = 0.0640971 (Top.Head)
[info] Frame 60 (t = 1.0):	 total squared error = 0.0134952, marker error: RMS = 0.0232337, max = 0.0605114 (Top.Head)
[info] Frame 61 (t = 1.01667):	 total squared error = 0.0119491, marker error: RMS = 0.0218624, max = 0.0591689 (Top.Head)
[info] Frame 62 (t = 1.03333):	 total squared error = 0.00999330, marker error: RMS = 0.0199933, max = 0.0623371 (Top.Head)
[info] Frame 63 (t = 1.05):	 total squared error = 0.00913485, marker error: RMS = 0.0191153, max = 0.0679069 (Top.Head)
[info] Frame 64 (t = 1.06667):	 total squared error = 0.011556, marker error: RMS = 0.0214997, max = 0.0753169 (Top.Head)
[info] Frame 65 (t = 1.08333):	 total squared error = 0.0148645, marker error: RMS = 0.024384, max = 0.0871203 (Top.Head)
[info] Frame 66 (t = 1.1):	 total squared error = 0.0186254, marker error: RMS = 0.027295, max = 0.0983497 (Top.Head)
[info] Frame 67 (t = 1.11667):	 total squared error = 0.0224725, marker error: RMS = 0.0299816, max = 0.109025 (Top.Head)
[info] Frame 68 (t = 1.13333):	 total squared error = 0.0262748, marker error: RMS = 0.032419, max = 0.120147 (Top.Head)
[info] Frame 69 (t = 1.15):	 total squared error = 0.0285893, marker error: RMS = 0.0338167, max = 0.127833 (Top.Head)
[info] Frame 70 (t = 1.16667):	 total squared error = 0.0297258, marker error: RMS = 0.0344823, max = 0.130401 (Top.Head)
[info] Frame 71 (t = 1.18333):	 total squared error = 0.0300264, marker error: RMS = 0.0346562, max = 0.129841 (Top.Head)
[info] Frame 72 (t = 1.2):	 total squared error = 0.0290484, marker error: RMS = 0.0340872, max = 0.126988 (Top.Head)
[info] Frame 73 (t = 1.21667):	 total squared error = 0.0265447, marker error: RMS = 0.0325851, max = 0.119826 (Top.Head)
[info] Frame 74 (t = 1.23333):	 total squared error = 0.0238732, marker error: RMS = 0.0309019, max = 0.108840 (Top.Head)
[info] Frame 75 (t = 1.25):	 total squared error = 0.0218353, marker error: RMS = 0.0295535, max = 0.104506 (Top.Head)
[info] Frame 76 (t = 1.26667):	 total squared error = 0.0209847, marker error: RMS = 0.0289722, max = 0.107109 (Top.Head)
[info] Frame 77 (t = 1.28333):	 total squared error = 0.0224552, marker error: RMS = 0.0299701, max = 0.114907 (Top.Head)
[info] Frame 78 (t = 1.3):	 total squared error = 0.0248097, marker error: RMS = 0.0315022, max = 0.12442 (Top.Head)
[info] Frame 79 (t = 1.31667):	 total squared error = 0.027533, marker error: RMS = 0.0331861, max = 0.131633 (Top.Head)
[info] Frame 80 (t = 1.33333):	 total squared error = 0.0322528, marker error: RMS = 0.0359181, max = 0.137667 (Top.Head)
[info] Frame 81 (t = 1.35):	 total squared error = 0.0362411, marker error: RMS = 0.0380742, max = 0.141020 (Top.Head)
[info] Frame 82 (t = 1.36667):	 total squared error = 0.0371421, marker error: RMS = 0.0385446, max = 0.139508 (Top.Head)
[info] Frame 83 (t = 1.38333):	 total squared error = 0.0346166, marker error: RMS = 0.0372111, max = 0.134718 (Top.Head)
[info] Frame 84 (t = 1.4):	 total squared error = 0.0317382, marker error: RMS = 0.0356304, max = 0.130305 (Top.Head)
[info] Frame 85 (t = 1.41667):	 total squared error = 0.0308381, marker error: RMS = 0.0351216, max = 0.129656 (Top.Head)
[info] Frame 86 (t = 1.43333):	 total squared error = 0.031342, marker error: RMS = 0.0354073, max = 0.131143 (Top.Head)
[info] Frame 87 (t = 1.45):	 total squared error = 0.0316121, marker error: RMS = 0.0355596, max = 0.13152 (Top.Head)
[info] Frame 88 (t = 1.46667):	 total squared error = 0.0293756, marker error: RMS = 0.0342786, max = 0.123304 (Top.Head)
[info] Frame 89 (t = 1.48333):	 total squared error = 0.0268947, marker error: RMS = 0.0327992, max = 0.112277 (Top.Head)
[info] Frame 90 (t = 1.5):	 total squared error = 0.0239837, marker error: RMS = 0.0309733, max = 0.104431 (Top.Head)
[info] Frame 91 (t = 1.51667):	 total squared error = 0.0217118, marker error: RMS = 0.0294698, max = 0.103216 (Top.Head)
[info] Frame 92 (t = 1.53333):	 total squared error = 0.0191211, marker error: RMS = 0.0276558, max = 0.105191 (Top.Head)
[info] Frame 93 (t = 1.55):	 total squared error = 0.0180727, marker error: RMS = 0.026887, max = 0.108427 (Top.Head)
[info] Frame 94 (t = 1.56667):	 total squared error = 0.0201262, marker error: RMS = 0.0283734, max = 0.112199 (Top.Head)
[info] Frame 95 (t = 1.58333):	 total squared error = 0.0223133, marker error: RMS = 0.0298753, max = 0.116643 (Top.Head)
[info] Frame 96 (t = 1.6):	 total squared error = 0.0255868, marker error: RMS = 0.0319917, max = 0.122335 (Top.Head)
[info] Frame 97 (t = 1.61667):	 total squared error = 0.0299785, marker error: RMS = 0.0346286, max = 0.131314 (Top.Head)
[info] Frame 98 (t = 1.63333):	 total squared error = 0.0339638, marker error: RMS = 0.0368586, max = 0.140087 (Top.Head)
[info] Frame 99 (t = 1.65):	 total squared error = 0.0355811, marker error: RMS = 0.0377259, max = 0.144549 (Top.Head)
[info] Frame 100 (t = 1.66667):	 total squared error = 0.0342082, marker error: RMS = 0.0369909, max = 0.140654 (Top.Head)
[info] Frame 101 (t = 1.68333):	 total squared error = 0.03271, marker error: RMS = 0.0361718, max = 0.135977 (Top.Head)
[info] Frame 102 (t = 1.7):	 total squared error = 0.0299931, marker error: RMS = 0.0346371, max = 0.12815 (Top.Head)
[info] Frame 103 (t = 1.71667):	 total squared error = 0.026558, marker error: RMS = 0.0325933, max = 0.117058 (Top.Head)
[info] Frame 104 (t = 1.73333):	 total squared error = 0.0229145, marker error: RMS = 0.0302751, max = 0.102437 (Top.Head)
[info] Frame 105 (t = 1.75):	 total squared error = 0.0181619, marker error: RMS = 0.0269532, max = 0.0943154 (Top.Head)
[info] Frame 106 (t = 1.76667):	 total squared error = 0.0178207, marker error: RMS = 0.0266988, max = 0.0976656 (Top.Head)
[info] Frame 107 (t = 1.78333):	 total squared error = 0.0219373, marker error: RMS = 0.0296225, max = 0.107872 (Top.Head)
[info] Frame 108 (t = 1.8):	 total squared error = 0.0259077, marker error: RMS = 0.0321917, max = 0.115433 (Top.Head)
[info] Frame 109 (t = 1.81667):	 total squared error = 0.0256734, marker error: RMS = 0.0320458, max = 0.114596 (Top.Head)
[info] Frame 110 (t = 1.83333):	 total squared error = 0.0244368, marker error: RMS = 0.0312645, max = 0.108028 (Top.Head)
[info] Frame 111 (t = 1.85):	 total squared error = 0.023381, marker error: RMS = 0.0305817, max = 0.101579 (Top.Head)
[info] Frame 112 (t = 1.86667):	 total squared error = 0.0236376, marker error: RMS = 0.0307490, max = 0.097284 (Top.Head)
[info] Frame 113 (t = 1.88333):	 total squared error = 0.0233504, marker error: RMS = 0.0305617, max = 0.0935419 (Top.Head)
[info] Frame 114 (t = 1.9):	 total squared error = 0.021215, marker error: RMS = 0.0291308, max = 0.0883833 (Top.Head)
[info] Frame 115 (t = 1.91667):	 total squared error = 0.019855, marker error: RMS = 0.0281815, max = 0.0819551 (Top.Head)
[info] Frame 116 (t = 1.93333):	 total squared error = 0.0195158, marker error: RMS = 0.0279398, max = 0.0737636 (Top.Head)
[info] Frame 117 (t = 1.95):	 total squared error = 0.0183756, marker error: RMS = 0.0271113, max = 0.0664566 (Top.Head)
[info] Frame 118 (t = 1.96667):	 total squared error = 0.0162515, marker error: RMS = 0.0254963, max = 0.0628731 (R.Toe.Tip)
[info] Frame 119 (t = 1.98333):	 total squared error = 0.0134445, marker error: RMS = 0.0231901, max = 0.0590267 (R.Toe.Tip)
[info] Frame 120 (t = 2.0):	 total squared error = 0.0102773, marker error: RMS = 0.0202754, max = 0.0551757 (Top.Head)
[info] Frame 121 (t = 2.01667):	 total squared error = 0.0110637, marker error: RMS = 0.0210369, max = 0.0614169 (Top.Head)
[info] Frame 122 (t = 2.03333):	 total squared error = 0.0120229, marker error: RMS = 0.0219298, max = 0.0698356 (Top.Head)
[info] Frame 123 (t = 2.05):	 total squared error = 0.0143594, marker error: RMS = 0.0239661, max = 0.0773977 (Top.Head)
[info] Frame 124 (t = 2.06667):	 total squared error = 0.0159631, marker error: RMS = 0.025269, max = 0.0786861 (Top.Head)
[info] Frame 125 (t = 2.08333):	 total squared error = 0.0156483, marker error: RMS = 0.0250186, max = 0.0745183 (Top.Head)
[info] Frame 126 (t = 2.1):	 total squared error = 0.014871, marker error: RMS = 0.0243894, max = 0.0722379 (Top.Head)
[info] Frame 127 (t = 2.11667):	 total squared error = 0.0151423, marker error: RMS = 0.0246108, max = 0.0711116 (Top.Head)
[info] Frame 128 (t = 2.13333):	 total squared error = 0.0153457, marker error: RMS = 0.0247756, max = 0.0717887 (Top.Head)
[info] Frame 129 (t = 2.15):	 total squared error = 0.0141145, marker error: RMS = 0.0237609, max = 0.0682348 (Top.Head)
[info] Frame 130 (t = 2.16667):	 total squared error = 0.0128036, marker error: RMS = 0.0226306, max = 0.0620300 (Top.Head)
[info] Frame 131 (t = 2.18333):	 total squared error = 0.0125438, marker error: RMS = 0.0223998, max = 0.0548218 (Top.Head)
[info] Frame 132 (t = 2.2):	 total squared error = 0.0112074, marker error: RMS = 0.021173, max = 0.0502379 (Top.Head)
[info] Frame 133 (t = 2.21667):	 total squared error = 0.00949925, marker error: RMS = 0.0194928, max = 0.048447 (Top.Head)
[info] Frame 134 (t = 2.23333):	 total squared error = 0.00915650, marker error: RMS = 0.0191379, max = 0.0495527 (R.Toe.Tip)
[info] Frame 135 (t = 2.25):	 total squared error = 0.00903655, marker error: RMS = 0.0190122, max = 0.0515634 (Top.Head)
[info] Frame 136 (t = 2.26667):	 total squared error = 0.00972440, marker error: RMS = 0.0197225, max = 0.0544778 (Top.Head)
[info] Frame 137 (t = 2.28333):	 total squared error = 0.0131492, marker error: RMS = 0.022934, max = 0.0569145 (Top.Head)
[info] Frame 138 (t = 2.3):	 total squared error = 0.0170792, marker error: RMS = 0.0261375, max = 0.0622112 (L.Heel)
[info] Frame 139 (t = 2.31667):	 total squared error = 0.0190922, marker error: RMS = 0.0276349, max = 0.0738228 (L.Heel)
[info] Frame 140 (t = 2.33333):	 total squared error = 0.0180672, marker error: RMS = 0.0268829, max = 0.0797776 (L.Heel)
[info] Frame 141 (t = 2.35):	 total squared error = 0.0152755, marker error: RMS = 0.0247189, max = 0.0725322 (L.Heel)
[info] Frame 142 (t = 2.36667):	 total squared error = 0.0146168, marker error: RMS = 0.02418, max = 0.0682112 (L.Heel)
[info] Frame 143 (t = 2.38333):	 total squared error = 0.0151511, marker error: RMS = 0.024618, max = 0.0633299 (L.Heel)
[info] Frame 144 (t = 2.4):	 total squared error = 0.0152548, marker error: RMS = 0.0247021, max = 0.0571173 (L.Heel)
[info] Frame 145 (t = 2.41667):	 total squared error = 0.0140083, marker error: RMS = 0.0236713, max = 0.0557211 (R.Toe.Tip)
[info] Frame 146 (t = 2.43333):	 total squared error = 0.013395, marker error: RMS = 0.0231474, max = 0.0569657 (R.Toe.Tip)
[info] Frame 147 (t = 2.45):	 total squared error = 0.0114907, marker error: RMS = 0.0214389, max = 0.0487265 (R.Toe.Tip)
[info] Frame 148 (t = 2.46667):	 total squared error = 0.011168, marker error: RMS = 0.0211358, max = 0.0488848 (R.Toe.Tip)
[info] Frame 149 (t = 2.48333):	 total squared error = 0.00925728, marker error: RMS = 0.019243, max = 0.043171 (L.Toe.Med)
[info] Frame 150 (t = 2.5):	 total squared error = 0.00973691, marker error: RMS = 0.0197352, max = 0.0418275 (Top.Head)
[info] Frame 151 (t = 2.51667):	 total squared error = 0.0101844, marker error: RMS = 0.0201836, max = 0.0422343 (Top.Head)
[info] Frame 152 (t = 2.53333):	 total squared error = 0.00993718, marker error: RMS = 0.0199371, max = 0.041534 (R.Heel)
[info] Frame 153 (t = 2.55):	 total squared error = 0.0100051, marker error: RMS = 0.0200051, max = 0.0485238 (R.Heel)
[info] Frame 154 (t = 2.56667):	 total squared error = 0.0114234, marker error: RMS = 0.021376, max = 0.0524141 (R.Heel)
[info] Frame 155 (t = 2.58333):	 total squared error = 0.0118738, marker error: RMS = 0.0217934, max = 0.0521175 (R.Heel)
[info] Frame 156 (t = 2.6):	 total squared error = 0.0115764, marker error: RMS = 0.0215188, max = 0.0456482 (R.Heel)
[info] Frame 157 (t = 2.61667):	 total squared error = 0.0110466, marker error: RMS = 0.0210206, max = 0.0424464 (L.Acromium)
[info] Frame 158 (t = 2.63333):	 total squared error = 0.0111362, marker error: RMS = 0.0211056, max = 0.0435386 (L.Acromium)
[info] Frame 159 (t = 2.65):	 total squared error = 0.0102724, marker error: RMS = 0.0202706, max = 0.043477 (L.Acromium)
[info] Frame 160 (t = 2.66667):	 total squared error = 0.00883207, marker error: RMS = 0.0187958, max = 0.0416653 (R.Toe.Tip)
[info] Frame 161 (t = 2.68333):	 total squared error = 0.00709907, marker error: RMS = 0.0168512, max = 0.0476681 (R.Toe.Tip)
[info] Frame 162 (t = 2.7):	 total squared error = 0.00569792, marker error: RMS = 0.0150969, max = 0.0429518 (R.Toe.Tip)
[info] Frame 163 (t = 2.71667):	 total squared error = 0.00699062, marker error: RMS = 0.016722, max = 0.0373759 (Top.Head)
[info] Frame 164 (t = 2.73333):	 total squared error = 0.0111956, marker error: RMS = 0.0211619, max = 0.0482984 (L.Heel)
[info] Frame 165 (t = 2.75):	 total squared error = 0.0155743, marker error: RMS = 0.0249594, max = 0.0615326 (L.Heel)
[info] Frame 166 (t = 2.76667):	 total squared error = 0.0175245, marker error: RMS = 0.026476, max = 0.0726981 (L.Heel)
[info] Frame 167 (t = 2.78333):	 total squared error = 0.0160868, marker error: RMS = 0.0253667, max = 0.0789814 (L.Heel)
[info] Frame 168 (t = 2.8):	 total squared error = 0.0133317, marker error: RMS = 0.0230926, max = 0.0739699 (L.Heel)
[info] Frame 169 (t = 2.81667):	 total squared error = 0.0131166, marker error: RMS = 0.0229056, max = 0.0696529 (L.Heel)
[info] Frame 170 (t = 2.83333):	 total squared error = 0.0142382, marker error: RMS = 0.0238647, max = 0.0662676 (L.Heel)
[info] Frame 171 (t = 2.85):	 total squared error = 0.0146077, marker error: RMS = 0.0241725, max = 0.0605143 (L.Heel)
[info] Frame 172 (t = 2.86667):	 total squared error = 0.0131428, marker error: RMS = 0.0229284, max = 0.0530986 (R.Toe.Tip)
[info] Frame 173 (t = 2.88333):	 total squared error = 0.0121065, marker error: RMS = 0.0220059, max = 0.0527155 (R.Toe.Tip)
[info] Frame 174 (t = 2.9):	 total squared error = 0.0104160, marker error: RMS = 0.0204118, max = 0.0449934 (R.Toe.Tip)
[info] Frame 175 (t = 2.91667):	 total squared error = 0.0100973, marker error: RMS = 0.0200971, max = 0.045492 (R.Toe.Tip)
[info] Frame 176 (t = 2.93333):	 total squared error = 0.00877433, marker error: RMS = 0.0187343, max = 0.0418587 (L.Toe.Med)
[info] Frame 177 (t = 2.95):	 total squared error = 0.00936396, marker error: RMS = 0.0193535, max = 0.0396476 (Top.Head)
[info] Frame 178 (t = 2.96667):	 total squared error = 0.00969073, marker error: RMS = 0.0196883, max = 0.0422788 (L.Toe.Med)
[info] Frame 179 (t = 2.98333):	 total squared error = 0.00968750, marker error: RMS = 0.019685, max = 0.042515 (R.Heel)
[info] Frame 180 (t = 3.0):	 total squared error = 0.0102960, marker error: RMS = 0.0202939, max = 0.0501955 (R.Heel)
[info] Frame 181 (t = 3.01667):	 total squared error = 0.0120803, marker error: RMS = 0.0219821, max = 0.0553222 (R.Heel)
[info] Frame 182 (t = 3.03333):	 total squared error = 0.0123494, marker error: RMS = 0.0222256, max = 0.0535949 (R.Heel)
[info] Frame 183 (t = 3.05):	 total squared error = 0.0115365, marker error: RMS = 0.0214817, max = 0.0471587 (R.Heel)
[info] Frame 184 (t = 3.06667):	 total squared error = 0.0110256, marker error: RMS = 0.0210006, max = 0.0413238 (R.Heel)
[info] Frame 185 (t = 3.08333):	 total squared error = 0.0113264, marker error: RMS = 0.0212851, max = 0.0437832 (L.Acromium)
[info] Frame 186 (t = 3.1):	 total squared error = 0.0101882, marker error: RMS = 0.0201873, max = 0.0426035 (L.Acromium)
[info] Frame 187 (t = 3.11667):	 total squared error = 0.00832214, marker error: RMS = 0.0182452, max = 0.0394203 (R.Toe.Tip)
[info] Frame 188 (t = 3.13333):	 total squared error = 0.00681895, marker error: RMS = 0.0165154, max = 0.048653 (R.Toe.Tip)
[info] Frame 189 (t = 3.15):	 total squared error = 0.00514228, marker error: RMS = 0.0143419, max = 0.0421823 (R.Toe.Tip)
[info] Frame 190 (t = 3.16667):	 total squared error = 0.00625235, marker error: RMS = 0.0158144, max = 0.0320563 (L.Heel)
[info] Frame 191 (t = 3.18333):	 total squared error = 0.0104638, marker error: RMS = 0.0204585, max = 0.0503809 (L.Heel)
[info] Frame 192 (t = 3.2):	 total squared error = 0.0146676, marker error: RMS = 0.0242219, max = 0.0625982 (L.Heel)
[info] Frame 193 (t = 3.21667):	 total squared error = 0.0170183, marker error: RMS = 0.0260908, max = 0.0748534 (L.Heel)
[info] Frame 194 (t = 3.23333):	 total squared error = 0.016155, marker error: RMS = 0.0254205, max = 0.0844372 (L.Heel)
[info] Frame 195 (t = 3.25):	 total squared error = 0.0126265, marker error: RMS = 0.0224735, max = 0.0780622 (L.Heel)
[info] Frame 196 (t = 3.26667):	 total squared error = 0.0122652, marker error: RMS = 0.0221497, max = 0.0744027 (L.Heel)
[info] Frame 197 (t = 3.28333):	 total squared error = 0.0127339, marker error: RMS = 0.022569, max = 0.0733263 (L.Heel)
[info] Frame 198 (t = 3.3):	 total squared error = 0.0125302, marker error: RMS = 0.0223876, max = 0.0678106 (L.Heel)
[info] Frame 199 (t = 3.31667):	 total squared error = 0.0110938, marker error: RMS = 0.0210654, max = 0.0574238 (L.Heel)
[info] Frame 200 (t = 3.33333):	 total squared error = 0.012121, marker error: RMS = 0.0220191, max = 0.0526114 (L.Heel)
[info] Frame 201 (t = 3.35):	 total squared error = 0.0117937, marker error: RMS = 0.0217198, max = 0.0471966 (L.Heel)
[info] Frame 202 (t = 3.36667):	 total squared error = 0.0118749, marker error: RMS = 0.0217944, max = 0.0466377 (R.Toe.Tip)
[info] Frame 203 (t = 3.38333):	 total squared error = 0.00984555, marker error: RMS = 0.019845, max = 0.0439302 (L.Toe.Med)
[info] Frame 204 (t = 3.4):	 total squared error = 0.00958815, marker error: RMS = 0.0195838, max = 0.0398545 (L.Toe.Med)
[info] Frame 205 (t = 3.41667):	 total squared error = 0.0102864, marker error: RMS = 0.0202844, max = 0.0457251 (L.Toe.Med)
[info] Frame 206 (t = 3.43333):	 total squared error = 0.0103535, marker error: RMS = 0.0203505, max = 0.0422227 (Top.Head)
[info] Frame 207 (t = 3.45):	 total squared error = 0.0112664, marker error: RMS = 0.0212287, max = 0.0490107 (R.Heel)
[info] Frame 208 (t = 3.46667):	 total squared error = 0.0125277, marker error: RMS = 0.0223854, max = 0.0542758 (R.Heel)
[info] Frame 209 (t = 3.48333):	 total squared error = 0.0129543, marker error: RMS = 0.0227634, max = 0.0554005 (R.Heel)
[info] Frame 210 (t = 3.5):	 total squared error = 0.0117020, marker error: RMS = 0.0216351, max = 0.0494904 (R.Heel)
[info] Frame 211 (t = 3.51667):	 total squared error = 0.0103255, marker error: RMS = 0.0203229, max = 0.0435944 (R.Heel)
[info] Frame 212 (t = 3.53333):	 total squared error = 0.00948509, marker error: RMS = 0.0194783, max = 0.038392 (R.Heel)
[info] Frame 213 (t = 3.55):	 total squared error = 0.00930213, marker error: RMS = 0.0192895, max = 0.0359008 (L.Toe.Tip)
[info] Frame 214 (t = 3.56667):	 total squared error = 0.00875512, marker error: RMS = 0.0187138, max = 0.0387649 (L.Toe.Tip)
[info] Frame 215 (t = 3.58333):	 total squared error = 0.00835670, marker error: RMS = 0.018283, max = 0.0476244 (R.Toe.Tip)
[info] Frame 216 (t = 3.6):	 total squared error = 0.00570183, marker error: RMS = 0.0151021, max = 0.0407846 (R.Toe.Tip)
[info] Frame 217 (t = 3.61667):	 total squared error = 0.00717640, marker error: RMS = 0.0169427, max = 0.0432823 (R.Toe.Tip)
[info] Frame 218 (t = 3.63333):	 total squared error = 0.0100491, marker error: RMS = 0.0200490, max = 0.0454199 (L.Heel)
[info] Frame 219 (t = 3.65):	 total squared error = 0.0127080, marker error: RMS = 0.022546, max = 0.058184 (L.Heel)
[info] Frame 220 (t = 3.66667):	 total squared error = 0.0141427, marker error: RMS = 0.0237846, max = 0.0664217 (L.Heel)
[info] Frame 221 (t = 3.68333):	 total squared error = 0.0134426, marker error: RMS = 0.0231885, max = 0.0712218 (L.Heel)
[info] Frame 222 (t = 3.7):	 total squared error = 0.0110793, marker error: RMS = 0.0210516, max = 0.0669924 (L.Heel)
[info] Frame 223 (t = 3.71667):	 total squared error = 0.0113322, marker error: RMS = 0.0212905, max = 0.0657826 (L.Heel)
[info] Frame 224 (t = 3.73333):	 total squared error = 0.0123251, marker error: RMS = 0.0222037, max = 0.064126 (L.Heel)
[info] Frame 225 (t = 3.75):	 total squared error = 0.0130467, marker error: RMS = 0.0228444, max = 0.0588556 (L.Heel)
[info] Frame 226 (t = 3.76667):	 total squared error = 0.0132783, marker error: RMS = 0.0230463, max = 0.0589062 (R.Toe.Tip)
[info] Frame 227 (t = 3.78333):	 total squared error = 0.0142297, marker error: RMS = 0.0238577, max = 0.0653295 (R.Toe.Tip)
[info] Frame 228 (t = 3.8):	 total squared error = 0.0126767, marker error: RMS = 0.0225182, max = 0.0598417 (R.Toe.Tip)
[info] Frame 229 (t = 3.81667):	 total squared error = 0.00894449, marker error: RMS = 0.0189151, max = 0.0390386 (L.Toe.Med)
[info] Frame 230 (t = 3.83333):	 total squared error = 0.00715595, marker error: RMS = 0.0169186, max = 0.0347295 (L.Toe.Med)
[info] Frame 231 (t = 3.85):	 total squared error = 0.00785815, marker error: RMS = 0.0177292, max = 0.0402194 (Top.Head)
[info] Frame 232 (t = 3.86667):	 total squared error = 0.00888347, marker error: RMS = 0.0188504, max = 0.0402844 (Top.Head)
[info] Frame 233 (t = 3.88333):	 total squared error = 0.00921308, marker error: RMS = 0.019197, max = 0.0396724 (Top.Head)
[info] Frame 234 (t = 3.9):	 total squared error = 0.00970353, marker error: RMS = 0.0197013, max = 0.0442109 (R.Heel)
[info] Frame 235 (t = 3.91667):	 total squared error = 0.0111683, marker error: RMS = 0.021136, max = 0.0520933 (R.Heel)
[info] Frame 236 (t = 3.93333):	 total squared error = 0.0111953, marker error: RMS = 0.0211616, max = 0.0542817 (R.Heel)
[info] Frame 237 (t = 3.95):	 total squared error = 0.0107130, marker error: RMS = 0.0207007, max = 0.0507972 (R.Heel)
[info] Frame 238 (t = 3.96667):	 total squared error = 0.00998738, marker error: RMS = 0.0199874, max = 0.0440655 (R.Heel)
[info] Frame 239 (t = 3.98333):	 total squared error = 0.0103300, marker error: RMS = 0.0203273, max = 0.0386303 (R.Heel)
[info] Frame 240 (t = 4.0):	 total squared error = 0.0102827, marker error: RMS = 0.0202807, max = 0.0396247 (L.Toe.Tip)
[info] Frame 241 (t = 4.01667):	 total squared error = 0.00992311, marker error: RMS = 0.019923, max = 0.0404517 (R.Toe.Tip)
[info] Frame 242 (t = 4.03333):	 total squared error = 0.00949965, marker error: RMS = 0.0194932, max = 0.0496954 (R.Toe.Tip)
[info] Frame 243 (t = 4.05):	 total squared error = 0.00671207, marker error: RMS = 0.0163855, max = 0.0440284 (R.Toe.Tip)
[info] Frame 244 (t = 4.06667):	 total squared error = 0.00716359, marker error: RMS = 0.0169276, max = 0.0368046 (Top.Head)
[info] Frame 245 (t = 4.08333):	 total squared error = 0.0108327, marker error: RMS = 0.0208161, max = 0.0477562 (L.Heel)
[info] Frame 246 (t = 4.1):	 total squared error = 0.0137896, marker error: RMS = 0.0234858, max = 0.0602868 (L.Heel)
[info] Frame 247 (t = 4.11667):	 total squared error = 0.0140040, marker error: RMS = 0.0236677, max = 0.0668663 (L.Heel)
[info] Frame 248 (t = 4.13333):	 total squared error = 0.0125030, marker error: RMS = 0.0223633, max = 0.069583 (L.Heel)
[info] Frame 249 (t = 4.15):	 total squared error = 0.0105213, marker error: RMS = 0.0205146, max = 0.0656961 (L.Heel)
[info] Frame 250 (t = 4.16667):	 total squared error = 0.0110770, marker error: RMS = 0.0210495, max = 0.0652011 (L.Heel)
[info] Frame 251 (t = 4.18333):	 total squared error = 0.0122732, marker error: RMS = 0.0221569, max = 0.0656485 (L.Heel)
[info] Frame 252 (t = 4.2):	 total squared error = 0.0123303, marker error: RMS = 0.0222084, max = 0.0615149 (L.Heel)
[info] Frame 253 (t = 4.21667):	 total squared error = 0.0120485, marker error: RMS = 0.0219531, max = 0.0529929 (L.Heel)
[info] Frame 254 (t = 4.23333):	 total squared error = 0.0132563, marker error: RMS = 0.0230272, max = 0.0602871 (R.Toe.Tip)
[info] Frame 255 (t = 4.25):	 total squared error = 0.0127867, marker error: RMS = 0.0226156, max = 0.0585592 (R.Toe.Tip)
[info] Frame 256 (t = 4.26667):	 total squared error = 0.00983403, marker error: RMS = 0.0198333, max = 0.0427525 (R.Toe.Tip)
[info] Frame 257 (t = 4.28333):	 total squared error = 0.00746749, marker error: RMS = 0.0172829, max = 0.0312705 (R.Toe.Tip)
[info] Frame 258 (t = 4.3):	 total squared error = 0.00702479, marker error: RMS = 0.0167628, max = 0.0303703 (L.Toe.Med)
[info] Frame 259 (t = 4.31667):	 total squared error = 0.00862574, marker error: RMS = 0.018575, max = 0.0393833 (L.Toe.Med)
[info] Frame 260 (t = 4.33333):	 total squared error = 0.00928009, marker error: RMS = 0.0192666, max = 0.0411085 (Top.Head)
[info] Frame 261 (t = 4.35):	 total squared error = 0.0107166, marker error: RMS = 0.0207042, max = 0.0470537 (Top.Head)
[info] Frame 262 (t = 4.36667):	 total squared error = 0.0122767, marker error: RMS = 0.0221601, max = 0.0495174 (R.Heel)
[info] Frame 263 (t = 4.38333):	 total squared error = 0.012474, marker error: RMS = 0.0223375, max = 0.0542315 (R.Heel)
[info] Frame 264 (t = 4.4):	 total squared error = 0.0118795, marker error: RMS = 0.0217986, max = 0.0509428 (R.Heel)
[info] Frame 265 (t = 4.41667):	 total squared error = 0.0121058, marker error: RMS = 0.0220053, max = 0.0464239 (R.Heel)
[info] Frame 266 (t = 4.43333):	 total squared error = 0.0122025, marker error: RMS = 0.0220930, max = 0.0477111 (Top.Head)
[info] Frame 267 (t = 4.45):	 total squared error = 0.0124184, marker error: RMS = 0.0222876, max = 0.0509135 (Top.Head)
[info] Frame 268 (t = 4.46667):	 total squared error = 0.0120863, marker error: RMS = 0.0219875, max = 0.0484351 (Top.Head)
[info] Frame 269 (t = 4.48333):	 total squared error = 0.0116976, marker error: RMS = 0.0216311, max = 0.0508113 (R.Toe.Tip)
[info] Frame 270 (t = 4.5):	 total squared error = 0.00840351, marker error: RMS = 0.0183341, max = 0.0420328 (R.Toe.Tip)
[info] Frame 271 (t = 4.51667):	 total squared error = 0.00905423, marker error: RMS = 0.0190307, max = 0.0456124 (Top.Head)
[info] Frame 272 (t = 4.53333):	 total squared error = 0.0127783, marker error: RMS = 0.0226082, max = 0.0549536 (Top.Head)
[info] Frame 273 (t = 4.55):	 total squared error = 0.0155107, marker error: RMS = 0.0249084, max = 0.0607288 (Top.Head)
[info] Frame 274 (t = 4.56667):	 total squared error = 0.0164104, marker error: RMS = 0.0256206, max = 0.0652637 (L.Heel)
[info] Frame 275 (t = 4.58333):	 total squared error = 0.0144073, marker error: RMS = 0.0240061, max = 0.0694434 (L.Heel)
[info] Frame 276 (t = 4.6):	 total squared error = 0.0129935, marker error: RMS = 0.0227978, max = 0.0683823 (L.Heel)
[info] Frame 277 (t = 4.61667):	 total squared error = 0.0133426, marker error: RMS = 0.0231021, max = 0.0675918 (L.Heel)
[info] Frame 278 (t = 4.63333):	 total squared error = 0.0140927, marker error: RMS = 0.0237425, max = 0.0680032 (L.Heel)
[info] Frame 279 (t = 4.65):	 total squared error = 0.0137931, marker error: RMS = 0.0234888, max = 0.0632327 (L.Heel)
[info] Frame 280 (t = 4.66667):	 total squared error = 0.0134489, marker error: RMS = 0.0231939, max = 0.0545401 (L.Heel)
[info] Frame 281 (t = 4.68333):	 total squared error = 0.0159773, marker error: RMS = 0.0252803, max = 0.0626796 (R.Toe.Tip)
[info] Frame 282 (t = 4.7):	 total squared error = 0.0162283, marker error: RMS = 0.0254781, max = 0.063247 (R.Toe.Tip)
[info] Frame 283 (t = 4.71667):	 total squared error = 0.0138691, marker error: RMS = 0.0235534, max = 0.057151 (R.Toe.Tip)
[info] Frame 284 (t = 4.73333):	 total squared error = 0.0103793, marker error: RMS = 0.0203758, max = 0.0429321 (R.Toe.Tip)
[info] Frame 285 (t = 4.75):	 total squared error = 0.00832945, marker error: RMS = 0.0182532, max = 0.0426308 (Top.Head)
[info] Frame 286 (t = 4.76667):	 total squared error = 0.00955546, marker error: RMS = 0.0195504, max = 0.0443138 (Top.Head)
[info] Frame 287 (t = 4.78333):	 total squared error = 0.0109683, marker error: RMS = 0.0209459, max = 0.0482394 (Top.Head)
[info] Frame 288 (t = 4.8):	 total squared error = 0.011833, marker error: RMS = 0.0217559, max = 0.0479921 (Top.Head)
[info] Frame 289 (t = 4.81667):	 total squared error = 0.01264, marker error: RMS = 0.0224855, max = 0.0499863 (R.Heel)
[info] Frame 290 (t = 4.83333):	 total squared error = 0.0127482, marker error: RMS = 0.0225816, max = 0.0557623 (R.Heel)
[info] Frame 291 (t = 4.85):	 total squared error = 0.0116661, marker error: RMS = 0.0216019, max = 0.0532831 (R.Heel)
[info] Frame 292 (t = 4.86667):	 total squared error = 0.0118941, marker error: RMS = 0.0218121, max = 0.0514067 (R.Heel)
[info] Frame 293 (t = 4.88333):	 total squared error = 0.0121873, marker error: RMS = 0.0220792, max = 0.0488138 (R.Heel)
[info] Frame 294 (t = 4.9):	 total squared error = 0.0122015, marker error: RMS = 0.0220921, max = 0.0452334 (R.Heel)
[info] Frame 295 (t = 4.91667):	 total squared error = 0.01215, marker error: RMS = 0.0220454, max = 0.0412339 (Top.Head)
[info] Frame 296 (t = 4.93333):	 total squared error = 0.0119473, marker error: RMS = 0.0218608, max = 0.049891 (R.Toe.Tip)
[info] Frame 297 (t = 4.95):	 total squared error = 0.00807311, marker error: RMS = 0.0179701, max = 0.0402696 (R.Toe.Tip)
[info] Frame 298 (t = 4.96667):	 total squared error = 0.00788629, marker error: RMS = 0.017761, max = 0.0349533 (Top.Head)
[info] Frame 299 (t = 4.98333):	 total squared error = 0.0110953, marker error: RMS = 0.0210669, max = 0.044979 (Top.Head)
[info] Frame 300 (t = 5.0):	 total squared error = 0.0135322, marker error: RMS = 0.0232656, max = 0.0558861 (L.Heel)
[info] Frame 301 (t = 5.01667):	 total squared error = 0.0136305, marker error: RMS = 0.0233499, max = 0.0613516 (L.Heel)
[info] Frame 302 (t = 5.03333):	 total squared error = 0.0129149, marker error: RMS = 0.0227288, max = 0.0655010 (L.Heel)
[info] Frame 303 (t = 5.05):	 total squared error = 0.0126898, marker error: RMS = 0.0225298, max = 0.0667814 (L.Heel)
[info] Frame 304 (t = 5.06667):	 total squared error = 0.013733, marker error: RMS = 0.0234376, max = 0.0696485 (L.Heel)
[info] Frame 305 (t = 5.08333):	 total squared error = 0.0140248, marker error: RMS = 0.0236853, max = 0.0716281 (L.Heel)
[info] Frame 306 (t = 5.1):	 total squared error = 0.0131908, marker error: RMS = 0.0229702, max = 0.0665644 (L.Heel)
[info] Frame 307 (t = 5.11667):	 total squared error = 0.0127167, marker error: RMS = 0.0225536, max = 0.0563448 (L.Heel)
[info] Frame 308 (t = 5.13333):	 total squared error = 0.0153442, marker error: RMS = 0.0247744, max = 0.0600644 (R.Toe.Tip)
[info] Frame 309 (t = 5.15):	 total squared error = 0.0157553, marker error: RMS = 0.0251040, max = 0.0619946 (R.Toe.Tip)
[info] Frame 310 (t = 5.16667):	 total squared error = 0.0139654, marker error: RMS = 0.0236351, max = 0.0602518 (R.Toe.Tip)
[info] Frame 311 (t = 5.18333):	 total squared error = 0.0102795, marker error: RMS = 0.0202776, max = 0.0481153 (R.Toe.Tip)
[info] Frame 312 (t = 5.2):	 total squared error = 0.00775338, marker error: RMS = 0.0176107, max = 0.0330801 (L.Heel)
[info] Frame 313 (t = 5.21667):	 total squared error = 0.00846512, marker error: RMS = 0.0184012, max = 0.0362204 (R.Toe.Tip)
[info] Frame 314 (t = 5.23333):	 total squared error = 0.00975525, marker error: RMS = 0.0197537, max = 0.0362394 (R.Toe.Tip)
[info] Frame 315 (t = 5.25):	 total squared error = 0.0108685, marker error: RMS = 0.0208504, max = 0.0436787 (R.Heel)
[info] Frame 316 (t = 5.26667):	 total squared error = 0.0120943, marker error: RMS = 0.0219948, max = 0.0510627 (R.Heel)
[info] Frame 317 (t = 5.28333):	 total squared error = 0.0127768, marker error: RMS = 0.0226069, max = 0.0589679 (R.Heel)
[info] Frame 318 (t = 5.3):	 total squared error = 0.0115264, marker error: RMS = 0.0214722, max = 0.0581943 (R.Heel)
[info] Frame 319 (t = 5.31667):	 total squared error = 0.0124286, marker error: RMS = 0.0222968, max = 0.0564492 (R.Heel)
[info] Frame 320 (t = 5.33333):	 total squared error = 0.0133952, marker error: RMS = 0.0231475, max = 0.0562291 (R.Heel)
[info] Frame 321 (t = 5.35):	 total squared error = 0.0133997, marker error: RMS = 0.0231514, max = 0.0520255 (R.Heel)
[info] Frame 322 (t = 5.36667):	 total squared error = 0.0132429, marker error: RMS = 0.0230156, max = 0.0430754 (R.Heel)
[info] Frame 323 (t = 5.38333):	 total squared error = 0.0135267, marker error: RMS = 0.0232609, max = 0.0454726 (R.Toe.Tip)
[info] Frame 324 (t = 5.4):	 total squared error = 0.0100219, marker error: RMS = 0.0200219, max = 0.0391976 (L.Toe.Tip)
[info] Frame 325 (t = 5.41667):	 total squared error = 0.00882468, marker error: RMS = 0.0187879, max = 0.0336728 (Top.Head)
[info] Frame 326 (t = 5.43333):	 total squared error = 0.0107608, marker error: RMS = 0.0207469, max = 0.0423515 (Top.Head)
[info] Frame 327 (t = 5.45):	 total squared error = 0.0123174, marker error: RMS = 0.0221968, max = 0.0517735 (L.Heel)
[info] Frame 328 (t = 5.46667):	 total squared error = 0.0122173, marker error: RMS = 0.0221064, max = 0.0547162 (L.Heel)
[info] Frame 329 (t = 5.48333):	 total squared error = 0.0118889, marker error: RMS = 0.0218073, max = 0.0585395 (L.Heel)
[info] Frame 330 (t = 5.5):	 total squared error = 0.0123643, marker error: RMS = 0.022239, max = 0.0605161 (L.Heel)
[info] Frame 331 (t = 5.51667):	 total squared error = 0.0131796, marker error: RMS = 0.0229605, max = 0.0645642 (L.Heel)
[info] Frame 332 (t = 5.53333):	 total squared error = 0.0132018, marker error: RMS = 0.0229798, max = 0.0680292 (L.Heel)
[info] Frame 333 (t = 5.55):	 total squared error = 0.0124713, marker error: RMS = 0.022335, max = 0.0642942 (L.Heel)
[info] Frame 334 (t = 5.56667):	 total squared error = 0.012264, marker error: RMS = 0.0221486, max = 0.0561418 (L.Heel)
[info] Frame 335 (t = 5.58333):	 total squared error = 0.0135069, marker error: RMS = 0.0232438, max = 0.0507248 (R.Toe.Tip)
[info] Frame 336 (t = 5.6):	 total squared error = 0.0144548, marker error: RMS = 0.0240456, max = 0.0556057 (R.Toe.Tip)
[info] Frame 337 (t = 5.61667):	 total squared error = 0.013396, marker error: RMS = 0.0231482, max = 0.0553148 (R.Toe.Tip)
[info] Frame 338 (t = 5.63333):	 total squared error = 0.0116951, marker error: RMS = 0.0216288, max = 0.0481584 (R.Toe.Tip)
[info] Frame 339 (t = 5.65):	 total squared error = 0.00890011, marker error: RMS = 0.0188681, max = 0.0366365 (R.Acromium)
[info] Frame 340 (t = 5.66667):	 total squared error = 0.00967155, marker error: RMS = 0.0196688, max = 0.0394552 (R.Toe.Tip)
[info] Frame 341 (t = 5.68333):	 total squared error = 0.0107010, marker error: RMS = 0.0206891, max = 0.0358103 (R.Toe.Tip)
[info] Frame 342 (t = 5.7):	 total squared error = 0.011415, marker error: RMS = 0.0213682, max = 0.0450325 (R.Heel)
[info] Frame 343 (t = 5.71667):	 total squared error = 0.0124011, marker error: RMS = 0.022272, max = 0.0518783 (R.Heel)
[info] Frame 344 (t = 5.73333):	 total squared error = 0.0125162, marker error: RMS = 0.0223751, max = 0.0585899 (R.Heel)
[info] Frame 345 (t = 5.75):	 total squared error = 0.0117606, marker error: RMS = 0.0216892, max = 0.0596804 (R.Heel)
[info] Frame 346 (t = 5.76667):	 total squared error = 0.0128516, marker error: RMS = 0.022673, max = 0.0621473 (R.Heel)
[info] Frame 347 (t = 5.78333):	 total squared error = 0.0138071, marker error: RMS = 0.0235007, max = 0.0633711 (R.Heel)
[info] Frame 348 (t = 5.8):	 total squared error = 0.0140777, marker error: RMS = 0.0237299, max = 0.0582218 (R.Heel)
[info] Frame 349 (t = 5.81667):	 total squared error = 0.0134949, marker error: RMS = 0.0232335, max = 0.0490349 (R.Heel)
[info] Frame 350 (t = 5.83333):	 total squared error = 0.013614, marker error: RMS = 0.0233358, max = 0.0446377 (L.Toe.Tip)
[info] Frame 351 (t = 5.85):	 total squared error = 0.0108621, marker error: RMS = 0.0208443, max = 0.0419226 (L.Toe.Tip)
[info] Frame 352 (t = 5.86667):	 total squared error = 0.00821123, marker error: RMS = 0.0181232, max = 0.0360573 (L.Acromium)
[info] Frame 353 (t = 5.88333):	 total squared error = 0.00878338, marker error: RMS = 0.0187439, max = 0.0406697 (R.Toe.Tip)
[info] Frame 354 (t = 5.9):	 total squared error = 0.00977291, marker error: RMS = 0.0197716, max = 0.0420529 (L.Heel)
[info] Frame 355 (t = 5.91667):	 total squared error = 0.00993350, marker error: RMS = 0.0199334, max = 0.0490090 (L.Heel)
[info] Frame 356 (t = 5.93333):	 total squared error = 0.0104436, marker error: RMS = 0.0204387, max = 0.0549831 (L.Heel)
[info] Frame 357 (t = 5.95):	 total squared error = 0.0123259, marker error: RMS = 0.0222044, max = 0.0609365 (L.Heel)
[info] Frame 358 (t = 5.96667):	 total squared error = 0.0127098, marker error: RMS = 0.0225475, max = 0.06431 (L.Heel)
[info] Frame 359 (t = 5.98333):	 total squared error = 0.0126643, marker error: RMS = 0.0225071, max = 0.0708583 (L.Heel)
[info] Frame 360 (t = 6.0):	 total squared error = 0.0108549, marker error: RMS = 0.0208374, max = 0.0666575 (L.Heel)
[info] Frame 361 (t = 6.01667):	 total squared error = 0.0108020, marker error: RMS = 0.0207865, max = 0.0644815 (L.Heel)
[info] Frame 362 (t = 6.03333):	 total squared error = 0.0109452, marker error: RMS = 0.0209239, max = 0.0591919 (L.Heel)
[info] Frame 363 (t = 6.05):	 total squared error = 0.0114225, marker error: RMS = 0.0213752, max = 0.0543112 (L.Heel)
[info] Frame 364 (t = 6.06667):	 total squared error = 0.0105034, marker error: RMS = 0.0204972, max = 0.0454427 (L.Heel)
[info] Frame 365 (t = 6.08333):	 total squared error = 0.00958489, marker error: RMS = 0.0195805, max = 0.0405163 (L.Heel)
[info] Frame 366 (t = 6.1):	 total squared error = 0.00782849, marker error: RMS = 0.0176957, max = 0.0368931 (R.Acromium)
[info] Frame 367 (t = 6.11667):	 total squared error = 0.00861073, marker error: RMS = 0.0185588, max = 0.0371263 (L.Heel)
[info] Frame 368 (t = 6.13333):	 total squared error = 0.0106898, marker error: RMS = 0.0206783, max = 0.0367811 (L.Heel)
[info] Frame 369 (t = 6.15):	 total squared error = 0.012791, marker error: RMS = 0.0226194, max = 0.0519019 (R.Heel)
[info] Frame 370 (t = 6.16667):	 total squared error = 0.0139849, marker error: RMS = 0.0236515, max = 0.0568476 (R.Heel)
[info] Frame 371 (t = 6.18333):	 total squared error = 0.0131544, marker error: RMS = 0.0229385, max = 0.0616271 (R.Heel)
[info] Frame 372 (t = 6.2):	 total squared error = 0.0117985, marker error: RMS = 0.0217242, max = 0.0607449 (R.Heel)
[info] Frame 373 (t = 6.21667):	 total squared error = 0.0129824, marker error: RMS = 0.022788, max = 0.0631513 (R.Heel)
[info] Frame 374 (t = 6.23333):	 total squared error = 0.0136511, marker error: RMS = 0.0233676, max = 0.0623897 (R.Heel)
[info] Frame 375 (t = 6.25):	 total squared error = 0.0130615, marker error: RMS = 0.0228574, max = 0.0553996 (R.Heel)
[info] Frame 376 (t = 6.26667):	 total squared error = 0.0130202, marker error: RMS = 0.0228213, max = 0.0495311 (R.Heel)
[info] Frame 377 (t = 6.28333):	 total squared error = 0.0132473, marker error: RMS = 0.0230194, max = 0.045689 (R.Heel)
[info] Frame 378 (t = 6.3):	 total squared error = 0.0121524, marker error: RMS = 0.0220476, max = 0.0430076 (R.Heel)
[info] Frame 379 (t = 6.31667):	 total squared error = 0.0101250, marker error: RMS = 0.0201246, max = 0.0387436 (L.Acromium)
[info] Frame 380 (t = 6.33333):	 total squared error = 0.00904101, marker error: RMS = 0.0190168, max = 0.0423582 (R.Toe.Tip)
[info] Frame 381 (t = 6.35):	 total squared error = 0.00745919, marker error: RMS = 0.0172733, max = 0.0346029 (R.Toe.Tip)
[info] Frame 382 (t = 6.36667):	 total squared error = 0.00775345, marker error: RMS = 0.0176107, max = 0.0396672 (L.Heel)
[info] Frame 383 (t = 6.38333):	 total squared error = 0.00968466, marker error: RMS = 0.0196821, max = 0.0527869 (L.Heel)
[info] Frame 384 (t = 6.4):	 total squared error = 0.0119377, marker error: RMS = 0.0218519, max = 0.057653 (L.Heel)
[info] Frame 385 (t = 6.41667):	 total squared error = 0.0128294, marker error: RMS = 0.0226534, max = 0.0619148 (L.Heel)
[info] Frame 386 (t = 6.43333):	 total squared error = 0.0121418, marker error: RMS = 0.0220380, max = 0.0671968 (L.Heel)
[info] Frame 387 (t = 6.45):	 total squared error = 0.0104443, marker error: RMS = 0.0204395, max = 0.0640353 (L.Heel)
[info] Frame 388 (t = 6.46667):	 total squared error = 0.0109262, marker error: RMS = 0.0209057, max = 0.0643644 (L.Heel)
[info] Frame 389 (t = 6.48333):	 total squared error = 0.0106074, marker error: RMS = 0.0205985, max = 0.0645151 (L.Heel)
[info] Frame 390 (t = 6.5):	 total squared error = 0.00956641, marker error: RMS = 0.0195616, max = 0.0584221 (L.Heel)
[info] Frame 391 (t = 6.51667):	 total squared error = 0.00904101, marker error: RMS = 0.0190168, max = 0.0502791 (L.Heel)
[info] Frame 392 (t = 6.53333):	 total squared error = 0.0117065, marker error: RMS = 0.0216393, max = 0.0479646 (R.Toe.Tip)
[info] Frame 393 (t = 6.55):	 total squared error = 0.0131511, marker error: RMS = 0.0229357, max = 0.0512071 (R.Toe.Tip)
[info] Frame 394 (t = 6.56667):	 total squared error = 0.0110514, marker error: RMS = 0.0210251, max = 0.0476425 (R.Toe.Tip)
[info] Frame 395 (t = 6.58333):	 total squared error = 0.00771369, marker error: RMS = 0.0175655, max = 0.0325981 (L.Heel)
[info] Frame 396 (t = 6.6):	 total squared error = 0.00646388, marker error: RMS = 0.0160796, max = 0.0305995 (L.Heel)
[info] Frame 397 (t = 6.61667):	 total squared error = 0.00803040, marker error: RMS = 0.0179225, max = 0.0372112 (L.Toe.Med)
[info] Frame 398 (t = 6.63333):	 total squared error = 0.00926535, marker error: RMS = 0.0192513, max = 0.0381912 (L.Toe.Med)
[info] Frame 399 (t = 6.65):	 total squared error = 0.0108584, marker error: RMS = 0.0208407, max = 0.0430812 (R.Heel)
[info] Frame 400 (t = 6.66667):	 total squared error = 0.0122833, marker error: RMS = 0.022166, max = 0.0466638 (R.Heel)
[info] Frame 401 (t = 6.68333):	 total squared error = 0.0128496, marker error: RMS = 0.0226712, max = 0.0520026 (R.Heel)
[info] Frame 402 (t = 6.7):	 total squared error = 0.011998, marker error: RMS = 0.0219070, max = 0.0533911 (R.Heel)
[info] Frame 403 (t = 6.71667):	 total squared error = 0.0128235, marker error: RMS = 0.0226482, max = 0.0543743 (R.Heel)
[info] Frame 404 (t = 6.73333):	 total squared error = 0.0141859, marker error: RMS = 0.0238209, max = 0.0556212 (R.Heel)
[info] Frame 405 (t = 6.75):	 total squared error = 0.0151892, marker error: RMS = 0.0246489, max = 0.0520540 (R.Heel)
[info] Frame 406 (t = 6.76667):	 total squared error = 0.0147179, marker error: RMS = 0.0242635, max = 0.0472275 (R.Heel)
[info] Frame 407 (t = 6.78333):	 total squared error = 0.0133784, marker error: RMS = 0.023133, max = 0.0442118 (R.Heel)
[info] Frame 408 (t = 6.8):	 total squared error = 0.0105971, marker error: RMS = 0.0205884, max = 0.0410543 (R.Heel)
[info] Frame 409 (t = 6.81667):	 total squared error = 0.00867817, marker error: RMS = 0.0186313, max = 0.0378358 (Top.Head)
[info] Frame 410 (t = 6.83333):	 total squared error = 0.00813285, marker error: RMS = 0.0180365, max = 0.0420172 (Top.Head)
[info] Frame 411 (t = 6.85):	 total squared error = 0.0103926, marker error: RMS = 0.0203889, max = 0.0439439 (Top.Head)
[info] Frame 412 (t = 6.86667):	 total squared error = 0.0108649, marker error: RMS = 0.0208469, max = 0.0494196 (Top.Head)
[info] Frame 413 (t = 6.88333):	 total squared error = 0.0125974, marker error: RMS = 0.0224476, max = 0.0547556 (L.Heel)
[info] Frame 414 (t = 6.9):	 total squared error = 0.0152122, marker error: RMS = 0.0246676, max = 0.0592265 (L.Heel)
[info] Frame 415 (t = 6.91667):	 total squared error = 0.0149398, marker error: RMS = 0.0244457, max = 0.0623974 (L.Heel)
[info] Frame 416 (t = 6.93333):	 total squared error = 0.0130556, marker error: RMS = 0.0228522, max = 0.0636111 (L.Heel)
[info] Frame 417 (t = 6.95):	 total squared error = 0.0117155, marker error: RMS = 0.0216476, max = 0.0644912 (L.Heel)
[info] Frame 418 (t = 6.96667):	 total squared error = 0.0118341, marker error: RMS = 0.0217569, max = 0.0650305 (L.Heel)
[info] Frame 419 (t = 6.98333):	 total squared error = 0.0122775, marker error: RMS = 0.0221607, max = 0.0673185 (L.Heel)
[info] Frame 420 (t = 7.0):	 total squared error = 0.0125959, marker error: RMS = 0.0224463, max = 0.0663295 (L.Heel)
[info] Frame 421 (t = 7.01667):	 total squared error = 0.012418, marker error: RMS = 0.0222872, max = 0.0622025 (L.Heel)
[info] Frame 422 (t = 7.03333):	 total squared error = 0.0136613, marker error: RMS = 0.0233763, max = 0.05829 (L.Heel)
[info] Frame 423 (t = 7.05):	 total squared error = 0.0145896, marker error: RMS = 0.0241575, max = 0.0537293 (L.Heel)
[info] Frame 424 (t = 7.06667):	 total squared error = 0.0150512, marker error: RMS = 0.0245367, max = 0.0490958 (R.Toe.Tip)
[info] Frame 425 (t = 7.08333):	 total squared error = 0.0147789, marker error: RMS = 0.0243137, max = 0.0546682 (R.Toe.Tip)
[info] Frame 426 (t = 7.1):	 total squared error = 0.0128508, marker error: RMS = 0.0226723, max = 0.0479985 (R.Toe.Tip)
[info] Frame 427 (t = 7.11667):	 total squared error = 0.0116103, marker error: RMS = 0.0215502, max = 0.0456966 (R.Toe.Tip)
[info] Frame 428 (t = 7.13333):	 total squared error = 0.011285, marker error: RMS = 0.0212462, max = 0.0495581 (Top.Head)
[info] Frame 429 (t = 7.15):	 total squared error = 0.0133163, marker error: RMS = 0.0230793, max = 0.0581611 (Top.Head)
[info] Frame 430 (t = 7.16667):	 total squared error = 0.0156532, marker error: RMS = 0.0250226, max = 0.0653046 (Top.Head)
[info] Frame 431 (t = 7.18333):	 total squared error = 0.0170661, marker error: RMS = 0.0261275, max = 0.0691031 (Top.Head)
[info] Frame 432 (t = 7.2):	 total squared error = 0.0174592, marker error: RMS = 0.0264267, max = 0.0690081 (Top.Head)
[info] Frame 433 (t = 7.21667):	 total squared error = 0.0170333, marker error: RMS = 0.0261023, max = 0.0627375 (Top.Head)
[info] Frame 434 (t = 7.23333):	 total squared error = 0.0162647, marker error: RMS = 0.0255067, max = 0.0530974 (Top.Head)
[info] Frame 435 (t = 7.25):	 total squared error = 0.0149439, marker error: RMS = 0.024449, max = 0.0460452 (L.Acromium)
[info] Frame 436 (t = 7.26667):	 total squared error = 0.0150268, marker error: RMS = 0.0245168, max = 0.0447418 (R.Heel)
[info] Frame 437 (t = 7.28333):	 total squared error = 0.0159963, marker error: RMS = 0.0252953, max = 0.0481060 (Top.Head)
[info] Frame 438 (t = 7.3):	 total squared error = 0.0160755, marker error: RMS = 0.0253579, max = 0.0497252 (Top.Head)
[info] Frame 439 (t = 7.31667):	 total squared error = 0.0146844, marker error: RMS = 0.0242359, max = 0.0505389 (Top.Head)
[info] Frame 440 (t = 7.33333):	 total squared error = 0.0137376, marker error: RMS = 0.0234415, max = 0.0489796 (Top.Head)
[info] Frame 441 (t = 7.35):	 total squared error = 0.012936, marker error: RMS = 0.0227473, max = 0.0490489 (Top.Head)
[info] Frame 442 (t = 7.36667):	 total squared error = 0.0112526, marker error: RMS = 0.0212156, max = 0.0544558 (Top.Head)
[info] Frame 443 (t = 7.38333):	 total squared error = 0.0102339, marker error: RMS = 0.0202325, max = 0.0595499 (Top.Head)
[info] Frame 444 (t = 7.4):	 total squared error = 0.0111391, marker error: RMS = 0.0211084, max = 0.0659048 (Top.Head)
[info] Frame 445 (t = 7.41667):	 total squared error = 0.0129063, marker error: RMS = 0.0227212, max = 0.0697045 (Top.Head)
[info] Frame 446 (t = 7.43333):	 total squared error = 0.0155033, marker error: RMS = 0.0249025, max = 0.0711026 (Top.Head)
[info] Frame 447 (t = 7.45):	 total squared error = 0.0179551, marker error: RMS = 0.0267993, max = 0.0718821 (Top.Head)
[info] Frame 448 (t = 7.46667):	 total squared error = 0.0174886, marker error: RMS = 0.0264489, max = 0.0689039 (Top.Head)
[info] Frame 449 (t = 7.48333):	 total squared error = 0.0163769, marker error: RMS = 0.0255944, max = 0.065232 (Top.Head)
[info] Frame 450 (t = 7.5):	 total squared error = 0.015534, marker error: RMS = 0.0249271, max = 0.0597732 (Top.Head)
[info] Frame 451 (t = 7.51667):	 total squared error = 0.0146032, marker error: RMS = 0.0241688, max = 0.0561711 (L.Heel)
[info] Frame 452 (t = 7.53333):	 total squared error = 0.0144854, marker error: RMS = 0.0240710, max = 0.0599642 (L.Heel)
[info] Frame 453 (t = 7.55):	 total squared error = 0.0140452, marker error: RMS = 0.0237025, max = 0.0609327 (L.Heel)
[info] Frame 454 (t = 7.56667):	 total squared error = 0.0139929, marker error: RMS = 0.0236583, max = 0.0577528 (L.Heel)
[info] Frame 455 (t = 7.58333):	 total squared error = 0.0146444, marker error: RMS = 0.0242028, max = 0.0549996 (L.Heel)
[info] Frame 456 (t = 7.6):	 total squared error = 0.0138637, marker error: RMS = 0.0235488, max = 0.0515412 (L.Heel)
[info] Frame 457 (t = 7.61667):	 total squared error = 0.0130039, marker error: RMS = 0.0228069, max = 0.0464116 (L.Heel)
[info] Frame 458 (t = 7.63333):	 total squared error = 0.0134928, marker error: RMS = 0.0232317, max = 0.0465004 (R.Toe.Tip)
[info] Frame 459 (t = 7.65):	 total squared error = 0.0131149, marker error: RMS = 0.0229041, max = 0.0476186 (R.Toe.Tip)
[info] Frame 460 (t = 7.66667):	 total squared error = 0.011186, marker error: RMS = 0.0211528, max = 0.0455205 (R.Toe.Tip)
[info] Frame 461 (t = 7.68333):	 total squared error = 0.00927981, marker error: RMS = 0.0192664, max = 0.0368008 (Top.Head)
[info] Frame 462 (t = 7.7):	 total squared error = 0.00971903, marker error: RMS = 0.019717, max = 0.0420131 (Top.Head)
[info] Frame 463 (t = 7.71667):	 total squared error = 0.0119949, marker error: RMS = 0.0219042, max = 0.0487265 (Top.Head)
[info] Frame 464 (t = 7.73333):	 total squared error = 0.0143298, marker error: RMS = 0.0239414, max = 0.0567119 (Top.Head)
[info] Frame 465 (t = 7.75):	 total squared error = 0.0161404, marker error: RMS = 0.0254090, max = 0.0597782 (Top.Head)
[info] Frame 466 (t = 7.76667):	 total squared error = 0.0158315, marker error: RMS = 0.0251646, max = 0.0534743 (Top.Head)
[info] Frame 467 (t = 7.78333):	 total squared error = 0.0149008, marker error: RMS = 0.0244137, max = 0.0482577 (L.Acromium)
[info] Frame 468 (t = 7.8):	 total squared error = 0.0139551, marker error: RMS = 0.0236263, max = 0.0476998 (L.Acromium)
[info] Frame 469 (t = 7.81667):	 total squared error = 0.0140273, marker error: RMS = 0.0236874, max = 0.0456374 (L.Acromium)
[info] Frame 470 (t = 7.83333):	 total squared error = 0.0140886, marker error: RMS = 0.0237391, max = 0.0440205 (L.Acromium)
[info] Frame 471 (t = 7.85):	 total squared error = 0.0145049, marker error: RMS = 0.0240873, max = 0.0452463 (L.Midfoot.Lat)
[info] Frame 472 (t = 7.86667):	 total squared error = 0.0141614, marker error: RMS = 0.0238003, max = 0.0460902 (L.Midfoot.Lat)
[info] Frame 473 (t = 7.88333):	 total squared error = 0.0138894, marker error: RMS = 0.0235707, max = 0.0437659 (L.Midfoot.Lat)
[info] Frame 474 (t = 7.9):	 total squared error = 0.0138597, marker error: RMS = 0.0235454, max = 0.0444584 (Top.Head)
[info] Frame 475 (t = 7.91667):	 total squared error = 0.0120306, marker error: RMS = 0.0219368, max = 0.0456602 (Top.Head)
[info] Frame 476 (t = 7.93333):	 total squared error = 0.00981680, marker error: RMS = 0.019816, max = 0.0466523 (Top.Head)
[info] Frame 477 (t = 7.95):	 total squared error = 0.00866463, marker error: RMS = 0.0186168, max = 0.0502004 (Top.Head)
[info] Frame 478 (t = 7.96667):	 total squared error = 0.00908907, marker error: RMS = 0.0190673, max = 0.0549878 (Top.Head)
[info] Frame 479 (t = 7.98333):	 total squared error = 0.0122137, marker error: RMS = 0.0221031, max = 0.0632295 (Top.Head)
[info] Frame 480 (t = 8.0):	 total squared error = 0.015228, marker error: RMS = 0.0246804, max = 0.0695165 (Top.Head)
[info] Frame 481 (t = 8.01667):	 total squared error = 0.0160577, marker error: RMS = 0.0253438, max = 0.0711883 (Top.Head)
[info] Frame 482 (t = 8.03333):	 total squared error = 0.0158948, marker error: RMS = 0.0252149, max = 0.0714452 (Top.Head)
[info] Frame 483 (t = 8.05):	 total squared error = 0.0161138, marker error: RMS = 0.025388, max = 0.0695897 (Top.Head)
[info] Frame 484 (t = 8.06667):	 total squared error = 0.015637, marker error: RMS = 0.0250096, max = 0.064915 (Top.Head)
[info] Frame 485 (t = 8.08333):	 total squared error = 0.014272, marker error: RMS = 0.0238931, max = 0.0573725 (Top.Head)
[info] Frame 486 (t = 8.1):	 total squared error = 0.0135968, marker error: RMS = 0.0233211, max = 0.0510672 (L.Heel)
[info] Frame 487 (t = 8.11667):	 total squared error = 0.0139476, marker error: RMS = 0.02362, max = 0.0520084 (L.Heel)
[info] Frame 488 (t = 8.13333):	 total squared error = 0.0146784, marker error: RMS = 0.0242309, max = 0.0519477 (L.Heel)
[info] Frame 489 (t = 8.15):	 total squared error = 0.0143476, marker error: RMS = 0.0239563, max = 0.0512653 (L.Heel)
[info] Frame 490 (t = 8.16667):	 total squared error = 0.0139398, marker error: RMS = 0.0236133, max = 0.0482183 (L.Heel)
[info] Frame 491 (t = 8.18333):	 total squared error = 0.0149503, marker error: RMS = 0.0244543, max = 0.044858 (Top.Head)
[info] Frame 492 (t = 8.2):	 total squared error = 0.0165142, marker error: RMS = 0.0257015, max = 0.0507211 (R.Toe.Tip)
[info] Frame 493 (t = 8.21667):	 total squared error = 0.0159792, marker error: RMS = 0.0252818, max = 0.0516791 (R.Toe.Tip)
[info] Frame 494 (t = 8.23333):	 total squared error = 0.0135148, marker error: RMS = 0.0232507, max = 0.0471262 (R.Toe.Tip)
[info] Frame 495 (t = 8.25):	 total squared error = 0.0107125, marker error: RMS = 0.0207002, max = 0.0477085 (Top.Head)
[info] Frame 496 (t = 8.26667):	 total squared error = 0.0108455, marker error: RMS = 0.0208284, max = 0.0522267 (Top.Head)
[info] Frame 497 (t = 8.28333):	 total squared error = 0.0120203, marker error: RMS = 0.0219274, max = 0.0597126 (Top.Head)
[info] Frame 498 (t = 8.3):	 total squared error = 0.0141726, marker error: RMS = 0.0238097, max = 0.0651675 (Top.Head)
[info] Frame 499 (t = 8.31667):	 total squared error = 0.0155981, marker error: RMS = 0.0249785, max = 0.0663452 (Top.Head)
[info] Frame 500 (t = 8.33333):	 total squared error = 0.0171562, marker error: RMS = 0.0261964, max = 0.0712772 (Top.Head)
[info] Frame 501 (t = 8.35):	 total squared error = 0.0177371, marker error: RMS = 0.0266361, max = 0.0700939 (Top.Head)
[info] Frame 502 (t = 8.36667):	 total squared error = 0.0174821, marker error: RMS = 0.026444, max = 0.0657333 (Top.Head)
[info] Frame 503 (t = 8.38333):	 total squared error = 0.0168968, marker error: RMS = 0.0259975, max = 0.0576326 (Top.Head)
[info] Frame 504 (t = 8.4):	 total squared error = 0.0158878, marker error: RMS = 0.0252094, max = 0.0527941 (Top.Head)
[info] Frame 505 (t = 8.41667):	 total squared error = 0.0153, marker error: RMS = 0.0247387, max = 0.0548023 (Top.Head)
[info] Frame 506 (t = 8.43333):	 total squared error = 0.0149063, marker error: RMS = 0.0244183, max = 0.0556575 (Top.Head)
[info] Frame 507 (t = 8.45):	 total squared error = 0.0147563, marker error: RMS = 0.0242951, max = 0.0571471 (Top.Head)
[info] Frame 508 (t = 8.46667):	 total squared error = 0.0147484, marker error: RMS = 0.0242886, max = 0.0511138 (Top.Head)
[info] Frame 509 (t = 8.48333):	 total squared error = 0.0138613, marker error: RMS = 0.0235468, max = 0.0452247 (L.Midfoot.Lat)
[info] Frame 510 (t = 8.5):	 total squared error = 0.0113217, marker error: RMS = 0.0212807, max = 0.0438223 (Top.Head)
[info] Frame 511 (t = 8.51667):	 total squared error = 0.00899020, marker error: RMS = 0.0189633, max = 0.0487445 (Top.Head)
[info] Frame 512 (t = 8.53333):	 total squared error = 0.00886562, marker error: RMS = 0.0188315, max = 0.0568204 (Top.Head)
[info] Frame 513 (t = 8.55):	 total squared error = 0.0106543, marker error: RMS = 0.0206439, max = 0.0642338 (Top.Head)
[info] Frame 514 (t = 8.56667):	 total squared error = 0.0124225, marker error: RMS = 0.0222912, max = 0.0681166 (Top.Head)
[info] Frame 515 (t = 8.58333):	 total squared error = 0.0147371, marker error: RMS = 0.0242793, max = 0.0698488 (Top.Head)
[info] Frame 516 (t = 8.6):	 total squared error = 0.0170694, marker error: RMS = 0.02613, max = 0.0713639 (Top.Head)
[info] Frame 517 (t = 8.61667):	 total squared error = 0.0161519, marker error: RMS = 0.025418, max = 0.0667931 (Top.Head)
[info] Frame 518 (t = 8.63333):	 total squared error = 0.014779, marker error: RMS = 0.0243137, max = 0.0615341 (Top.Head)
[info] Frame 519 (t = 8.65):	 total squared error = 0.0135933, marker error: RMS = 0.0233181, max = 0.0555015 (Top.Head)
[info] Frame 520 (t = 8.66667):	 total squared error = 0.0128194, marker error: RMS = 0.0226445, max = 0.0490041 (Top.Head)
[info] Frame 521 (t = 8.68333):	 total squared error = 0.0124432, marker error: RMS = 0.0223098, max = 0.0475783 (L.Heel)
[info] Frame 522 (t = 8.7):	 total squared error = 0.0125456, marker error: RMS = 0.0224015, max = 0.0493938 (L.Heel)
[info] Frame 523 (t = 8.71667):	 total squared error = 0.012636, marker error: RMS = 0.022482, max = 0.048289 (L.Heel)
[info] Frame 524 (t = 8.73333):	 total squared error = 0.0129927, marker error: RMS = 0.0227971, max = 0.049362 (L.Heel)
[info] Frame 525 (t = 8.75):	 total squared error = 0.0125689, marker error: RMS = 0.0224222, max = 0.0472719 (L.Heel)
[info] Frame 526 (t = 8.76667):	 total squared error = 0.0117008, marker error: RMS = 0.021634, max = 0.0450449 (L.Heel)
[info] Frame 527 (t = 8.78333):	 total squared error = 0.0128927, marker error: RMS = 0.0227092, max = 0.0425966 (L.Toe.Med)
[info] Frame 528 (t = 8.8):	 total squared error = 0.0152030, marker error: RMS = 0.0246601, max = 0.0496622 (R.Toe.Tip)
[info] Frame 529 (t = 8.81667):	 total squared error = 0.0149391, marker error: RMS = 0.0244451, max = 0.0506647 (R.Toe.Tip)
[info] Frame 530 (t = 8.83333):	 total squared error = 0.0131667, marker error: RMS = 0.0229492, max = 0.0480173 (R.Toe.Tip)
[info] InverseKinematicsTool completed 531 frames in 2 second(s).

===== STDERR =====

